Component: Arm Compiler for Embedded 6.19 Tool: armlink [5e73cb00]

==============================================================================

Section Cross References

    button.o(.ARM.exidx.text.SysTick_Init) refers to button.o(.text.SysTick_Init) for [Anonymous Symbol]
    button.o(.ARM.exidx.text.ButtonPort_Init) refers to button.o(.text.ButtonPort_Init) for [Anonymous Symbol]
    button.o(.ARM.exidx.text.ReadButtonState) refers to button.o(.text.ReadButtonState) for [Anonymous Symbol]
    button.o(.text.button_press) refers to button.o(.text.ButtonPort_Init) for ButtonPort_Init
    button.o(.text.button_press) refers to button.o(.text.ReadButtonState) for ReadButtonState
    button.o(.ARM.exidx.text.button_press) refers to button.o(.text.button_press) for [Anonymous Symbol]
    control.o(.ARM.exidx.text.ADC0_Init) refers to control.o(.text.ADC0_Init) for [Anonymous Symbol]
    control.o(.ARM.exidx.text.delay) refers to control.o(.text.delay) for [Anonymous Symbol]
    control.o(.text.set_val) refers to control.o(.text.ADC0_Init) for ADC0_Init
    control.o(.text.set_val) refers to f2d.o(x$fpl$f2d) for __aeabi_f2d
    control.o(.text.set_val) refers to dmul.o(x$fpl$dmul) for __aeabi_dmul
    control.o(.text.set_val) refers to daddsub_clz.o(x$fpl$dadd) for __aeabi_dadd
    control.o(.text.set_val) refers to d2f.o(x$fpl$d2f) for __aeabi_d2f
    control.o(.text.set_val) refers to control.o(.rodata.str1.1) for .L.str
    control.o(.text.set_val) refers to sprintf.o(.text) for sprintf
    control.o(.ARM.exidx.text.set_val) refers to control.o(.text.set_val) for [Anonymous Symbol]
    init heat_cool.o(.ARM.exidx.text.init_heat_cool) refers to init heat_cool.o(.text.init_heat_cool) for [Anonymous Symbol]
    init heat_cool.o(.ARM.exidx.text.Heat_on) refers to init heat_cool.o(.text.Heat_on) for [Anonymous Symbol]
    init heat_cool.o(.ARM.exidx.text.Heat_off) refers to init heat_cool.o(.text.Heat_off) for [Anonymous Symbol]
    init heat_cool.o(.ARM.exidx.text.Cool_on) refers to init heat_cool.o(.text.Cool_on) for [Anonymous Symbol]
    init heat_cool.o(.ARM.exidx.text.Cool_off) refers to init heat_cool.o(.text.Cool_off) for [Anonymous Symbol]
    input_asm.o(.text.I2C3_read_Multiple) refers to asm_input.o(i2c3_Init) for I2C_wait_till_done
    input_asm.o(.ARM.exidx.text.I2C3_read_Multiple) refers to input_asm.o(.text.I2C3_read_Multiple) for [Anonymous Symbol]
    input_asm.o(.ARM.exidx.text.delay_ms) refers to input_asm.o(.text.delay_ms) for [Anonymous Symbol]
    input_asm.o(.text.read_tempcalibs) refers to input_asm.o(.data.slave_addr) for slave_addr
    input_asm.o(.text.read_tempcalibs) refers to input_asm.o(.bss.tempclb) for tempclb
    input_asm.o(.text.read_tempcalibs) refers to input_asm.o(.text.I2C3_read_Multiple) for I2C3_read_Multiple
    input_asm.o(.text.read_tempcalibs) refers to input_asm.o(.bss.dig_T1) for dig_T1
    input_asm.o(.text.read_tempcalibs) refers to input_asm.o(.bss.dig_T2) for dig_T2
    input_asm.o(.text.read_tempcalibs) refers to input_asm.o(.bss.dig_T3) for dig_T3
    input_asm.o(.ARM.exidx.text.read_tempcalibs) refers to input_asm.o(.text.read_tempcalibs) for [Anonymous Symbol]
    input_asm.o(.text.read) refers to input_asm.o(.data.slave_addr) for slave_addr
    input_asm.o(.text.read) refers to input_asm.o(.data.val1) for val1
    input_asm.o(.text.read) refers to asm_input.o(i2c3_Init) for I2C3_Write_Multiple
    input_asm.o(.text.read) refers to input_asm.o(.bss.val2) for val2
    input_asm.o(.text.read) refers to input_asm.o(.text.read_tempcalibs) for read_tempcalibs
    input_asm.o(.text.read) refers to input_asm.o(.bss.totalTemp) for totalTemp
    input_asm.o(.text.read) refers to input_asm.o(.data.temp_addr0) for temp_addr0
    input_asm.o(.text.read) refers to input_asm.o(.bss.temp) for temp
    input_asm.o(.text.read) refers to input_asm.o(.text.I2C3_read_Multiple) for I2C3_read_Multiple
    input_asm.o(.text.read) refers to input_asm.o(.data.temp_addr1) for temp_addr1
    input_asm.o(.text.read) refers to input_asm.o(.data.temp_addr2) for temp_addr2
    input_asm.o(.text.read) refers to input_asm.o(.bss.adc_T) for adc_T
    input_asm.o(.text.read) refers to dflt_clz.o(x$fpl$dflt) for __aeabi_i2d
    input_asm.o(.text.read) refers to ddiv.o(x$fpl$ddiv) for __aeabi_ddiv
    input_asm.o(.text.read) refers to input_asm.o(.bss.dig_T1) for dig_T1
    input_asm.o(.text.read) refers to dflt_clz.o(x$fpl$dfltu) for __aeabi_ui2d
    input_asm.o(.text.read) refers to daddsub_clz.o(x$fpl$dadd) for __aeabi_dadd
    input_asm.o(.text.read) refers to input_asm.o(.bss.dig_T2) for dig_T2
    input_asm.o(.text.read) refers to dmul.o(x$fpl$dmul) for __aeabi_dmul
    input_asm.o(.text.read) refers to input_asm.o(.bss.var1) for var1
    input_asm.o(.text.read) refers to input_asm.o(.bss.dig_T3) for dig_T3
    input_asm.o(.text.read) refers to input_asm.o(.bss.var2) for var2
[...]
    locale$$code                             0x00003c8c   Section       44  lc_ctype_c.o(locale$$code)
    $v0                                      0x00003cb8   Number         0  d2f.o(x$fpl$d2f)
    x$fpl$d2f                                0x00003cb8   Section       98  d2f.o(x$fpl$d2f)
    $v0                                      0x00003d1c   Number         0  daddsub_clz.o(x$fpl$dadd)
    x$fpl$dadd                               0x00003d1c   Section      336  daddsub_clz.o(x$fpl$dadd)
    _dadd1                                   0x00003d2d   Thumb Code     0  daddsub_clz.o(x$fpl$dadd)
    $v0                                      0x00003e6c   Number         0  dcheck1.o(x$fpl$dcheck1)
    x$fpl$dcheck1                            0x00003e6c   Section       16  dcheck1.o(x$fpl$dcheck1)
    $v0                                      0x00003e7c   Number         0  dcmpi.o(x$fpl$dcmpinf)
    x$fpl$dcmpinf                            0x00003e7c   Section       24  dcmpi.o(x$fpl$dcmpinf)
    $v0                                      0x00003e94   Number         0  ddiv.o(x$fpl$ddiv)
    x$fpl$ddiv                               0x00003e94   Section      692  ddiv.o(x$fpl$ddiv)
    ddiv_entry                               0x00003e9b   Thumb Code     0  ddiv.o(x$fpl$ddiv)
    $v0                                      0x00004148   Number         0  deqf.o(x$fpl$deqf)
    x$fpl$deqf                               0x00004148   Section      120  deqf.o(x$fpl$deqf)
    $v0                                      0x000041c0   Number         0  dflt_clz.o(x$fpl$dflt)
    x$fpl$dflt                               0x000041c0   Section       46  dflt_clz.o(x$fpl$dflt)
    $v0                                      0x000041ee   Number         0  dflt_clz.o(x$fpl$dfltu)
    x$fpl$dfltu                              0x000041ee   Section       38  dflt_clz.o(x$fpl$dfltu)
    $v0                                      0x00004214   Number         0  dleqf.o(x$fpl$dleqf)
    x$fpl$dleqf                              0x00004214   Section      120  dleqf.o(x$fpl$dleqf)
    $v0                                      0x0000428c   Number         0  dmul.o(x$fpl$dmul)
    x$fpl$dmul                               0x0000428c   Section      340  dmul.o(x$fpl$dmul)
    $v0                                      0x000043e0   Number         0  dnaninf.o(x$fpl$dnaninf)
    x$fpl$dnaninf                            0x000043e0   Section      156  dnaninf.o(x$fpl$dnaninf)
    $v0                                      0x0000447c   Number         0  dretinf.o(x$fpl$dretinf)
    x$fpl$dretinf                            0x0000447c   Section       12  dretinf.o(x$fpl$dretinf)
    $v0                                      0x00004488   Number         0  drleqf.o(x$fpl$drleqf)
    x$fpl$drleqf                             0x00004488   Section      108  drleqf.o(x$fpl$drleqf)
    $v0                                      0x000044f4   Number         0  daddsub_clz.o(x$fpl$dsub)
    x$fpl$dsub                               0x000044f4   Section      476  daddsub_clz.o(x$fpl$dsub)
    _dsub1                                   0x00004505   Thumb Code     0  daddsub_clz.o(x$fpl$dsub)
    $v0                                      0x000046d0   Number         0  f2d.o(x$fpl$f2d)
    x$fpl$f2d                                0x000046d0   Section       86  f2d.o(x$fpl$f2d)
    $v0                                      0x00004726   Number         0  fnaninf.o(x$fpl$fnaninf)
    x$fpl$fnaninf                            0x00004726   Section      140  fnaninf.o(x$fpl$fnaninf)
    $v0                                      0x000047b2   Number         0  fpinit.o(x$fpl$fpinit)
    x$fpl$fpinit                             0x000047b2   Section       26  fpinit.o(x$fpl$fpinit)
    $v0                                      0x000047cc   Number         0  fretinf.o(x$fpl$fretinf)
    x$fpl$fretinf                            0x000047cc   Section       10  fretinf.o(x$fpl$fretinf)
    $v0                                      0x000047d6   Number         0  istatus.o(x$fpl$ieeestatus)
    x$fpl$ieeestatus                         0x000047d6   Section        6  istatus.o(x$fpl$ieeestatus)
    $v0                                      0x000047dc   Number         0  printf1.o(x$fpl$printf1)
    x$fpl$printf1                            0x000047dc   Section        4  printf1.o(x$fpl$printf1)
    $v0                                      0x000047e0   Number         0  printf2.o(x$fpl$printf2)
    x$fpl$printf2                            0x000047e0   Section        4  printf2.o(x$fpl$printf2)
    $v0                                      0x000047e4   Number         0  retnan.o(x$fpl$retnan)
    x$fpl$retnan                             0x000047e4   Section      100  retnan.o(x$fpl$retnan)
    $v0                                      0x00004848   Number         0  scalbn.o(x$fpl$scalbn)
    x$fpl$scalbn                             0x00004848   Section       92  scalbn.o(x$fpl$scalbn)
    $v0                                      0x000048a4   Number         0  scanf1.o(x$fpl$scanf1)
    x$fpl$scanf1                             0x000048a4   Section        4  scanf1.o(x$fpl$scanf1)
    $v0                                      0x000048a8   Number         0  scanf2.o(x$fpl$scanf2)
    x$fpl$scanf2                             0x000048a8   Section        8  scanf2.o(x$fpl$scanf2)
    $v0                                      0x000048b0   Number         0  trapv.o(x$fpl$trapveneer)
    x$fpl$trapveneer                         0x000048b0   Section       48  trapv.o(x$fpl$trapveneer)
    initial_mbstate                          0x000048e0   Data           8  _printf_wctomb.o(.constdata)
    .constdata                               0x000048e0   Section        8  _printf_wctomb.o(.constdata)
    x$fpl$usenofp                            0x000048e0   Section        0  usenofp.o(x$fpl$usenofp)
    uc_hextab                                0x000048e8   Data          20  _printf_hex_int_ll_ptr.o(.constdata)
    .constdata                               0x000048e8   Section       40  _printf_hex_int_ll_ptr.o(.constdata)
    lc_hextab                                0x000048fc   Data          20  _printf_hex_int_ll_ptr.o(.constdata)
    maptable                                 0x00004910   Data          17  __printf_flags_ss_wp.o(.constdata)
    .constdata                               0x00004910   Section       17  __printf_flags_ss_wp.o(.constdata)
    lc_hextab                                0x00004921   Data          19  _printf_fp_hex.o(.constdata)
    .constdata                               0x00004921   Section       38  _printf_fp_hex.o(.constdata)
    uc_hextab                                0x00004934   Data          19  _printf_fp_hex.o(.constdata)
    tenpwrs_x                                0x00004948   Data          60  bigflt0.o(.constdata)
    .constdata                               0x00004948   Section      148  bigflt0.o(.constdata)
    tenpwrs_i                                0x00004984   Data          64  bigflt0.o(.constdata)
    ASCII                                    0x000049dc   Data         480  nokia5110.o(.rodata.ASCII)
    [Anonymous Symbol]                       0x000049dc   Section        0  nokia5110.o(.rodata.ASCII)
    .L.str                                   0x00004bbc   Data           6  control.o(.rodata.str1.1)
    .L.str                                   0x00004bbc   Data           6  control.o(.rodata.str1.1)
    [Anonymous Symbol]                       0x00004bbc   Section        0  control.o(.rodata.str1.1)
    .L.str.3                                 0x00004bc2   Data          10  main.o(.rodata.str1.1)
    [Anonymous Symbol]                       0x00004bc2   Section        0  main.o(.rodata.str1.1)
    .L.str                                   0x00004bc6   Data           6  main.o(.rodata.str1.1)
    .L.str.4                                 0x00004bcc   Data          10  main.o(.rodata.str1.1)
    .L.str.1                                 0x00004bd0   Data           6  main.o(.rodata.str1.1)
    .L.str.2                                 0x00004bd6   Data          10  main.o(.rodata.str1.1)
    c$$dinf                                  0x00004c00   Section        8  fpconst.o(c$$dinf)
    c$$dmax                                  0x00004c08   Section        8  fpconst.o(c$$dmax)
    locale$$data                             0x00004c10   Section       28  lc_numeric_c.o(locale$$data)
    __lcnum_c_name                           0x00004c14   Data           2  lc_numeric_c.o(locale$$data)
    __lcnum_c_start                          0x00004c1c   Data           0  lc_numeric_c.o(locale$$data)
    __lcnum_c_point                          0x00004c28   Data           0  lc_numeric_c.o(locale$$data)
    __lcnum_c_thousands                      0x00004c2a   Data           0  lc_numeric_c.o(locale$$data)
    __lcnum_c_grouping                       0x00004c2b   Data           0  lc_numeric_c.o(locale$$data)
    __lcnum_c_end                            0x00004c2c   Data           0  lc_numeric_c.o(locale$$data)
    locale$$data                             0x00004c2c   Section      272  lc_ctype_c.o(locale$$data)
    __lcctype_c_name                         0x00004c30   Data           2  lc_ctype_c.o(locale$$data)
    __lcctype_c_start                        0x00004c38   Data           0  lc_ctype_c.o(locale$$data)
    __lcctype_c_end                          0x00004d3c   Data           0  lc_ctype_c.o(locale$$data)
    .bss                                     0x20000018   Section       96  libspace.o(.bss)
    Heap_Mem                                 0x200004e0   Data           0  startup_tm4c123.o(HEAP)
    Stack_Mem                                0x200004e0   Data        2048  startup_tm4c123.o(STACK)
    HEAP                                     0x200004e0   Section        0  startup_tm4c123.o(HEAP)
    STACK                                    0x200004e0   Section     2048  startup_tm4c123.o(STACK)
    __initial_sp                             0x20000ce0   Data           0  startup_tm4c123.o(STACK)

    Global Symbols

    Symbol Name                              Value     Ov Type        Size  Object(Section)

    BuildAttributes$$THM_ISAv4$E$P$D$K$B$S$7EM$VFPi3$EXTD16$VFPS$VFMA$PE$A:L22UL41UL21$X:L11$S22US41US21$IEEE1$IW$~IW$USESV6$~STKCKD$USESV7$~SHL$OTIME$ROPI$IEEEX$EBA8$UX$STANDARDLIB$REQ8$EABIv2 0x00000000   Number         0  anon$$obj.o ABSOLUTE
    __Vectors                                0x00000000   Data           4  startup_tm4c123.o(RESET)
    _printf_flags                            0x00000000   Number         0  printf_stubs.o ABSOLUTE
    _printf_return_value                     0x00000000   Number         0  printf_stubs.o ABSOLUTE
    _printf_sizespec                         0x00000000   Number         0  printf_stubs.o ABSOLUTE
    _printf_widthprec                        0x00000000   Number         0  printf_stubs.o ABSOLUTE
    __ARM_exceptions_init                     - Undefined Weak Reference
    __alloca_initialize                       - Undefined Weak Reference
    __arm_preinit_                            - Undefined Weak Reference
    __arm_relocate_pie_                       - Undefined Weak Reference
    __cpp_initialize__aeabi_                  - Undefined Weak Reference
    __cxa_finalize                            - Undefined Weak Reference
    __sigvec_lookup                           - Undefined Weak Reference
    _atexit_init                              - Undefined Weak Reference
    _call_atexit_fns                          - Undefined Weak Reference
    _clock_init                               - Undefined Weak Reference
    _fp_trap_init                             - Undefined Weak Reference
    _fp_trap_shutdown                         - Undefined Weak Reference
    _get_lc_collate                           - Undefined Weak Reference
    _get_lc_monetary                          - Undefined Weak Reference
    _get_lc_time                              - Undefined Weak Reference
    _getenv_init                              - Undefined Weak Reference
    _handle_redirection                       - Undefined Weak Reference
    _init_alloc                               - Undefined Weak Reference
    _init_user_alloc                          - Undefined Weak Reference
    _initio                                   - Undefined Weak Reference
    _printf_mbtowc                            - Undefined Weak Reference
    _printf_wc                                - Undefined Weak Reference
    _rand_init                                - Undefined Weak Reference
    _signal_finish                            - Undefined Weak Reference
    _signal_init                              - Undefined Weak Reference
    _terminate_alloc                          - Undefined Weak Reference
    _terminate_user_alloc                     - Undefined Weak Reference
    _terminateio                              - Undefined Weak Reference
    __Vectors_End                            0x0000026c   Data           0  startup_tm4c123.o(RESET)
    __Vectors_Size                           0x0000026c   Number         0  startup_tm4c123.o ABSOLUTE
    __main                                   0x0000026d   Thumb Code     8  __main.o(!!!main)
    __scatterload                            0x00000275   Thumb Code     0  __scatter.o(!!!scatter)
    __scatterload_rt2                        0x00000275   Thumb Code    44  __scatter.o(!!!scatter)
    __scatterload_rt2_thumb_only             0x00000275   Thumb Code     0  __scatter.o(!!!scatter)
    __scatterload_null                       0x00000283   Thumb Code     0  __scatter.o(!!!scatter)
    __scatterload_copy                       0x000002a9   Thumb Code    26  __scatter_copy.o(!!handler_copy)
    __scatterload_zeroinit                   0x000002c5   Thumb Code    28  __scatter_zi.o(!!handler_zi)
    _printf_n                                0x000002e1   Thumb Code     0  _printf_n.o(.ARM.Collect$$_printf_percent$$00000001)
    _printf_percent                          0x000002e1   Thumb Code     0  _printf_percent.o(.ARM.Collect$$_printf_percent$$00000000)
    _printf_p                                0x000002e7   Thumb Code     0  _printf_p.o(.ARM.Collect$$_printf_percent$$00000002)
    _printf_f                                0x000002ed   Thumb Code     0  _printf_f.o(.ARM.Collect$$_printf_percent$$00000003)
    _printf_e                                0x000002f3   Thumb Code     0  _printf_e.o(.ARM.Collect$$_printf_percent$$00000004)
    _printf_g                                0x000002f9   Thumb Code     0  _printf_g.o(.ARM.Collect$$_printf_percent$$00000005)
    _printf_a                                0x000002ff   Thumb Code     0  _printf_a.o(.ARM.Collect$$_printf_percent$$00000006)
    _printf_ll                               0x00000305   Thumb Code     0  _printf_ll.o(.ARM.Collect$$_printf_percent$$00000007)
    _printf_i                                0x0000030f   Thumb Code     0  _printf_i.o(.ARM.Collect$$_printf_percent$$00000008)
    _printf_d                                0x00000315   Thumb Code     0  _printf_d.o(.ARM.Collect$$_printf_percent$$00000009)
    _printf_u                                0x0000031b   Thumb Code     0  _printf_u.o(.ARM.Collect$$_printf_percent$$0000000A)
    _printf_o                                0x00000321   Thumb Code     0  _printf_o.o(.ARM.Collect$$_printf_percent$$0000000B)
    _printf_x                                0x00000327   Thumb Code     0  _printf_x.o(.ARM.Collect$$_printf_percent$$0000000C)
    _printf_lli                              0x0000032d   Thumb Code     0  _printf_lli.o(.ARM.Collect$$_printf_percent$$0000000D)
    _printf_lld                              0x00000333   Thumb Code     0  _printf_lld.o(.ARM.Collect$$_printf_percent$$0000000E)
    _printf_llu                              0x00000339   Thumb Code     0  _printf_llu.o(.ARM.Collect$$_printf_percent$$0000000F)
    _printf_llo                              0x0000033f   Thumb Code     0  _printf_llo.o(.ARM.Collect$$_printf_percent$$00000010)
    _printf_llx                              0x00000345   Thumb Code     0  _printf_llx.o(.ARM.Collect$$_printf_percent$$00000011)
    _printf_l                                0x0000034b   Thumb Code     0  _printf_l.o(.ARM.Collect$$_printf_percent$$00000012)
    _printf_c                                0x00000355   Thumb Code     0  _printf_c.o(.ARM.Collect$$_printf_percent$$00000013)
    _printf_s                                0x0000035b   Thumb Code     0  _printf_s.o(.ARM.Collect$$_printf_percent$$00000014)
    _printf_lc                               0x00000361   Thumb Code     0  _printf_lc.o(.ARM.Collect$$_printf_percent$$00000015)
    _printf_ls                               0x00000367   Thumb Code     0  _printf_ls.o(.ARM.Collect$$_printf_percent$$00000016)
    _printf_percent_end                      0x0000036d   Thumb Code     0  _printf_percent_end.o(.ARM.Collect$$_printf_percent$$00000017)
    __rt_lib_init                            0x00000371   Thumb Code     0  libinit.o(.ARM.Collect$$libinit$$00000000)
    __rt_lib_init_fp_1                       0x00000373   Thumb Code     0  libinit2.o(.ARM.Collect$$libinit$$00000001)
    __rt_lib_init_heap_1                     0x00000377   Thumb Code     0  libinit2.o(.ARM.Collect$$libinit$$0000000C)
    __rt_lib_init_lc_common                  0x00000377   Thumb Code     0  libinit2.o(.ARM.Collect$$libinit$$00000011)
    __rt_lib_init_preinit_1                  0x00000377   Thumb Code     0  libinit2.o(.ARM.Collect$$libinit$$00000006)
    __rt_lib_init_rand_1                     0x00000377   Thumb Code     0  libinit2.o(.ARM.Collect$$libinit$$00000010)
    __rt_lib_init_relocate_pie_1             0x00000377   Thumb Code     0  libinit2.o(.ARM.Collect$$libinit$$00000004)
    __rt_lib_init_user_alloc_1               0x00000377   Thumb Code     0  libinit2.o(.ARM.Collect$$libinit$$0000000E)
    __rt_lib_init_lc_collate_1               0x0000037d   Thumb Code     0  libinit2.o(.ARM.Collect$$libinit$$00000013)
    __rt_lib_init_lc_ctype_2                 0x0000037d   Thumb Code     0  libinit2.o(.ARM.Collect$$libinit$$00000014)
    __rt_lib_init_lc_ctype_1                 0x00000389   Thumb Code     0  libinit2.o(.ARM.Collect$$libinit$$00000015)
    __rt_lib_init_lc_monetary_1              0x00000389   Thumb Code     0  libinit2.o(.ARM.Collect$$libinit$$00000017)
    __rt_lib_init_lc_numeric_2               0x00000389   Thumb Code     0  libinit2.o(.ARM.Collect$$libinit$$00000018)
    __rt_lib_init_alloca_1                   0x00000393   Thumb Code     0  libinit2.o(.ARM.Collect$$libinit$$00000030)
    __rt_lib_init_argv_1                     0x00000393   Thumb Code     0  libinit2.o(.ARM.Collect$$libinit$$0000002E)
    __rt_lib_init_atexit_1                   0x00000393   Thumb Code     0  libinit2.o(.ARM.Collect$$libinit$$0000001D)
    __rt_lib_init_clock_1                    0x00000393   Thumb Code     0  libinit2.o(.ARM.Collect$$libinit$$00000023)
    __rt_lib_init_cpp_1                      0x00000393   Thumb Code     0  libinit2.o(.ARM.Collect$$libinit$$00000034)
    __rt_lib_init_exceptions_1               0x00000393   Thumb Code     0  libinit2.o(.ARM.Collect$$libinit$$00000032)
    __rt_lib_init_fp_trap_1                  0x00000393   Thumb Code     0  libinit2.o(.ARM.Collect$$libinit$$00000021)
    __rt_lib_init_getenv_1                   0x00000393   Thumb Code     0  libinit2.o(.ARM.Collect$$libinit$$00000025)
    __rt_lib_init_lc_numeric_1               0x00000393   Thumb Code     0  libinit2.o(.ARM.Collect$$libinit$$00000019)
    __rt_lib_init_lc_time_1                  0x00000393   Thumb Code     0  libinit2.o(.ARM.Collect$$libinit$$0000001B)
    __rt_lib_init_return                     0x00000393   Thumb Code     0  libinit2.o(.ARM.Collect$$libinit$$00000035)
    __rt_lib_init_signal_1                   0x00000393   Thumb Code     0  libinit2.o(.ARM.Collect$$libinit$$0000001F)
    __rt_lib_init_stdio_1                    0x00000393   Thumb Code     0  libinit2.o(.ARM.Collect$$libinit$$00000027)
    __rt_lib_shutdown                        0x00000395   Thumb Code     0  libshutdown.o(.ARM.Collect$$libshutdown$$00000000)
    __rt_lib_shutdown_cpp_1                  0x00000397   Thumb Code     0  libshutdown2.o(.ARM.Collect$$libshutdown$$00000002)
    __rt_lib_shutdown_fp_trap_1              0x00000397   Thumb Code     0  libshutdown2.o(.ARM.Collect$$libshutdown$$00000007)
    __rt_lib_shutdown_heap_1                 0x00000397   Thumb Code     0  libshutdown2.o(.ARM.Collect$$libshutdown$$0000000F)
    __rt_lib_shutdown_return                 0x00000397   Thumb Code     0  libshutdown2.o(.ARM.Collect$$libshutdown$$00000010)
    __rt_lib_shutdown_signal_1               0x00000397   Thumb Code     0  libshutdown2.o(.ARM.Collect$$libshutdown$$0000000A)
    __rt_lib_shutdown_stdio_1                0x00000397   Thumb Code     0  libshutdown2.o(.ARM.Collect$$libshutdown$$00000004)
    __rt_lib_shutdown_user_alloc_1           0x00000397   Thumb Code     0  libshutdown2.o(.ARM.Collect$$libshutdown$$0000000C)
    __rt_entry                               0x00000399   Thumb Code     0  __rtentry.o(.ARM.Collect$$rtentry$$00000000)
    __rt_entry_presh_1                       0x00000399   Thumb Code     0  __rtentry2.o(.ARM.Collect$$rtentry$$00000002)
    __rt_entry_sh                            0x00000399   Thumb Code     0  __rtentry4.o(.ARM.Collect$$rtentry$$00000004)
    __rt_entry_li                            0x0000039f   Thumb Code     0  __rtentry2.o(.ARM.Collect$$rtentry$$0000000A)
    __rt_entry_postsh_1                      0x0000039f   Thumb Code     0  __rtentry2.o(.ARM.Collect$$rtentry$$00000009)
    __rt_entry_main                          0x000003a3   Thumb Code     0  __rtentry2.o(.ARM.Collect$$rtentry$$0000000D)
    __rt_entry_postli_1                      0x000003a3   Thumb Code     0  __rtentry2.o(.ARM.Collect$$rtentry$$0000000C)
    __rt_exit                                0x000003ab   Thumb Code     0  rtexit.o(.ARM.Collect$$rtexit$$00000000)
    __rt_exit_ls                             0x000003ad   Thumb Code     0  rtexit2.o(.ARM.Collect$$rtexit$$00000003)
    __rt_exit_prels_1                        0x000003ad   Thumb Code     0  rtexit2.o(.ARM.Collect$$rtexit$$00000002)
    __rt_exit_exit                           0x000003b1   Thumb Code     0  rtexit2.o(.ARM.Collect$$rtexit$$00000004)
    Reset_Handler                            0x000003b9   Thumb Code     8  startup_tm4c123.o(.text)
    NMI_Handler                              0x000003c1   Thumb Code     2  startup_tm4c123.o(.text)
    HardFault_Handler                        0x000003c3   Thumb Code     2  startup_tm4c123.o(.text)
    MemManage_Handler                        0x000003c5   Thumb Code     2  startup_tm4c123.o(.text)
    BusFault_Handler                         0x000003c7   Thumb Code     2  startup_tm4c123.o(.text)
    UsageFault_Handler                       0x000003c9   Thumb Code     2  startup_tm4c123.o(.text)
    SVC_Handler                              0x000003cb   Thumb Code     2  startup_tm4c123.o(.text)
    DebugMon_Handler                         0x000003cd   Thumb Code     2  startup_tm4c123.o(.text)
    PendSV_Handler                           0x000003cf   Thumb Code     2  startup_tm4c123.o(.text)
    SysTick_Handler                          0x000003d1   Thumb Code     2  startup_tm4c123.o(.text)
    GPIOA_Handler                            0x000003d3   Thumb Code     2  startup_tm4c123.o(.text)
    GPIOB_Handler                            0x000003d5   Thumb Code     2  startup_tm4c123.o(.text)
    GPIOC_Handler                            0x000003d7   Thumb Code     2  startup_tm4c123.o(.text)
    GPIOD_Handler                            0x000003d9   Thumb Code     2  startup_tm4c123.o(.text)
    GPIOE_Handler                            0x000003db   Thumb Code     2  startup_tm4c123.o(.text)
    UART0_Handler                            0x000003dd   Thumb Code     2  startup_tm4c123.o(.text)
    UART1_Handler                            0x000003df   Thumb Code     2  startup_tm4c123.o(.text)
    SSI0_Handler                             0x000003e1   Thumb Code     2  startup_tm4c123.o(.text)
    I2C0_Handler                             0x000003e3   Thumb Code     2  startup_tm4c123.o(.text)
    PMW0_FAULT_Handler                       0x000003e5   Thumb Code     2  startup_tm4c123.o(.text)
    PWM0_0_Handler                           0x000003e7   Thumb Code     2  startup_tm4c123.o(.text)
    PWM0_1_Handler                           0x000003e9   Thumb Code     2  startup_tm4c123.o(.text)
    PWM0_2_Handler                           0x000003eb   Thumb Code     2  startup_tm4c123.o(.text)
    QEI0_Handler                             0x000003ed   Thumb Code     2  startup_tm4c123.o(.text)
    ADC0SS0_Handler                          0x000003ef   Thumb Code     2  startup_tm4c123.o(.text)
    ADC0SS1_Handler                          0x000003f1   Thumb Code     2  startup_tm4c123.o(.text)
    ADC0SS2_Handler                          0x000003f3   Thumb Code     2  startup_tm4c123.o(.text)
    ADC0SS3_Handler                          0x000003f5   Thumb Code     2  startup_tm4c123.o(.text)
    WDT0_Handler                             0x000003f7   Thumb Code     2  startup_tm4c123.o(.text)
    TIMER0A_Handler                          0x000003f9   Thumb Code     2  startup_tm4c123.o(.text)
    TIMER0B_Handler                          0x000003fb   Thumb Code     2  startup_tm4c123.o(.text)
    TIMER1A_Handler                          0x000003fd   Thumb Code     2  startup_tm4c123.o(.text)
    TIMER1B_Handler                          0x000003ff   Thumb Code     2  startup_tm4c123.o(.text)
    TIMER2A_Handler                          0x00000401   Thumb Code     2  startup_tm4c123.o(.text)
    TIMER2B_Handler                          0x00000403   Thumb Code     2  startup_tm4c123.o(.text)
    COMP0_Handler                            0x00000405   Thumb Code     2  startup_tm4c123.o(.text)
    COMP1_Handler                            0x00000407   Thumb Code     2  startup_tm4c123.o(.text)
    COMP2_Handler                            0x00000409   Thumb Code     2  startup_tm4c123.o(.text)
    SYSCTL_Handler                           0x0000040b   Thumb Code     2  startup_tm4c123.o(.text)
    FLASH_Handler                            0x0000040d   Thumb Code     2  startup_tm4c123.o(.text)
    GPIOF_Handler                            0x0000040f   Thumb Code     2  startup_tm4c123.o(.text)
    GPIOG_Handler                            0x00000411   Thumb Code     2  startup_tm4c123.o(.text)
    GPIOH_Handler                            0x00000413   Thumb Code     2  startup_tm4c123.o(.text)
    UART2_Handler                            0x00000415   Thumb Code     2  startup_tm4c123.o(.text)
    SSI1_Handler                             0x00000417   Thumb Code     2  startup_tm4c123.o(.text)
    TIMER3A_Handler                          0x00000419   Thumb Code     2  startup_tm4c123.o(.text)
    TIMER3B_Handler                          0x0000041b   Thumb Code     2  startup_tm4c123.o(.text)
    I2C1_Handler                             0x0000041d   Thumb Code     2  startup_tm4c123.o(.text)
    QEI1_Handler                             0x0000041f   Thumb Code     2  startup_tm4c123.o(.text)
    CAN0_Handler                             0x00000421   Thumb Code     2  startup_tm4c123.o(.text)
    CAN1_Handler                             0x00000423   Thumb Code     2  startup_tm4c123.o(.text)
    CAN2_Handler                             0x00000425   Thumb Code     2  startup_tm4c123.o(.text)
    HIB_Handler                              0x00000427   Thumb Code     2  startup_tm4c123.o(.text)
    USB0_Handler                             0x00000429   Thumb Code     2  startup_tm4c123.o(.text)
    PWM0_3_Handler                           0x0000042b   Thumb Code     2  startup_tm4c123.o(.text)
    UDMA_Handler                             0x0000042d   Thumb Code     2  startup_tm4c123.o(.text)
    UDMAERR_Handler                          0x0000042f   Thumb Code     2  startup_tm4c123.o(.text)
    ADC1SS0_Handler                          0x00000431   Thumb Code     2  startup_tm4c123.o(.text)
    ADC1SS1_Handler                          0x00000433   Thumb Code     2  startup_tm4c123.o(.text)
    ADC1SS2_Handler                          0x00000435   Thumb Code     2  startup_tm4c123.o(.text)
    ADC1SS3_Handler                          0x00000437   Thumb Code     2  startup_tm4c123.o(.text)
    GPIOJ_Handler                            0x00000439   Thumb Code     2  startup_tm4c123.o(.text)
    GPIOK_Handler                            0x0000043b   Thumb Code     2  startup_tm4c123.o(.text)
    GPIOL_Handler                            0x0000043d   Thumb Code     2  startup_tm4c123.o(.text)
    SSI2_Handler                             0x0000043f   Thumb Code     2  startup_tm4c123.o(.text)
    SSI3_Handler                             0x00000441   Thumb Code     2  startup_tm4c123.o(.text)
    UART3_Handler                            0x00000443   Thumb Code     2  startup_tm4c123.o(.text)
    UART4_Handler                            0x00000445   Thumb Code     2  startup_tm4c123.o(.text)
    UART5_Handler                            0x00000447   Thumb Code     2  startup_tm4c123.o(.text)
    UART6_Handler                            0x00000449   Thumb Code     2  startup_tm4c123.o(.text)
    UART7_Handler                            0x0000044b   Thumb Code     2  startup_tm4c123.o(.text)
    I2C2_Handler                             0x0000044d   Thumb Code     2  startup_tm4c123.o(.text)
    I2C3_Handler                             0x0000044f   Thumb Code     2  startup_tm4c123.o(.text)
    TIMER4A_Handler                          0x00000451   Thumb Code     2  startup_tm4c123.o(.text)
    TIMER4B_Handler                          0x00000453   Thumb Code     2  startup_tm4c123.o(.text)
    TIMER5A_Handler                          0x00000455   Thumb Code     2  startup_tm4c123.o(.text)
    TIMER5B_Handler                          0x00000457   Thumb Code     2  startup_tm4c123.o(.text)
    WTIMER0A_Handler                         0x00000459   Thumb Code     2  startup_tm4c123.o(.text)
    WTIMER0B_Handler                         0x0000045b   Thumb Code     2  startup_tm4c123.o(.text)
    WTIMER1A_Handler                         0x0000045d   Thumb Code     2  startup_tm4c123.o(.text)
    WTIMER1B_Handler                         0x0000045f   Thumb Code     2  startup_tm4c123.o(.text)
    WTIMER2A_Handler                         0x00000461   Thumb Code     2  startup_tm4c123.o(.text)
    WTIMER2B_Handler                         0x00000463   Thumb Code     2  startup_tm4c123.o(.text)
    WTIMER3A_Handler                         0x00000465   Thumb Code     2  startup_tm4c123.o(.text)
    WTIMER3B_Handler                         0x00000467   Thumb Code     2  startup_tm4c123.o(.text)
    WTIMER4A_Handler                         0x00000469   Thumb Code     2  startup_tm4c123.o(.text)
    WTIMER4B_Handler                         0x0000046b   Thumb Code     2  startup_tm4c123.o(.text)
    WTIMER5A_Handler                         0x0000046d   Thumb Code     2  startup_tm4c123.o(.text)
    WTIMER5B_Handler                         0x0000046f   Thumb Code     2  startup_tm4c123.o(.text)
    FPU_Handler                              0x00000471   Thumb Code     2  startup_tm4c123.o(.text)
    I2C4_Handler                             0x00000473   Thumb Code     2  startup_tm4c123.o(.text)
    I2C5_Handler                             0x00000475   Thumb Code     2  startup_tm4c123.o(.text)
    GPIOM_Handler                            0x00000477   Thumb Code     2  startup_tm4c123.o(.text)
    GPION_Handler                            0x00000479   Thumb Code     2  startup_tm4c123.o(.text)
    QEI2_Handler                             0x0000047b   Thumb Code     2  startup_tm4c123.o(.text)
    GPIOP0_Handler                           0x0000047d   Thumb Code     2  startup_tm4c123.o(.text)
    GPIOP1_Handler                           0x0000047f   Thumb Code     2  startup_tm4c123.o(.text)
    GPIOP2_Handler                           0x00000481   Thumb Code     2  startup_tm4c123.o(.text)
    GPIOP3_Handler                           0x00000483   Thumb Code     2  startup_tm4c123.o(.text)
    GPIOP4_Handler                           0x00000485   Thumb Code     2  startup_tm4c123.o(.text)
    GPIOP5_Handler                           0x00000487   Thumb Code     2  startup_tm4c123.o(.text)
    GPIOP6_Handler                           0x00000489   Thumb Code     2  startup_tm4c123.o(.text)
    GPIOP7_Handler                           0x0000048b   Thumb Code     2  startup_tm4c123.o(.text)
    GPIOQ0_Handler                           0x0000048d   Thumb Code     2  startup_tm4c123.o(.text)
    GPIOQ1_Handler                           0x0000048f   Thumb Code     2  startup_tm4c123.o(.text)
    GPIOQ2_Handler                           0x00000491   Thumb Code     2  startup_tm4c123.o(.text)
    GPIOQ3_Handler                           0x00000493   Thumb Code     2  startup_tm4c123.o(.text)
    GPIOQ4_Handler                           0x00000495   Thumb Code     2  startup_tm4c123.o(.text)
    GPIOQ5_Handler                           0x00000497   Thumb Code     2  startup_tm4c123.o(.text)
    GPIOQ6_Handler                           0x00000499   Thumb Code     2  startup_tm4c123.o(.text)
    GPIOQ7_Handler                           0x0000049b   Thumb Code     2  startup_tm4c123.o(.text)
    GPIOR_Handler                            0x0000049d   Thumb Code     2  startup_tm4c123.o(.text)
    GPIOS_Handler                            0x0000049f   Thumb Code     2  startup_tm4c123.o(.text)
    PMW1_0_Handler                           0x000004a1   Thumb Code     2  startup_tm4c123.o(.text)
    PWM1_1_Handler                           0x000004a3   Thumb Code     2  startup_tm4c123.o(.text)
    PWM1_2_Handler                           0x000004a5   Thumb Code     2  startup_tm4c123.o(.text)
    PWM1_3_Handler                           0x000004a7   Thumb Code     2  startup_tm4c123.o(.text)
    PWM1_FAULT_Handler                       0x000004a9   Thumb Code     2  startup_tm4c123.o(.text)
    __user_initial_stackheap                 0x000004ad   Thumb Code     0  startup_tm4c123.o(.text)
    sprintf                                  0x000004cd   Thumb Code    38  sprintf.o(.text)
    __use_two_region_memory                  0x000004f9   Thumb Code     2  heapauxi.o(.text)
    __rt_heap_escrow$2region                 0x000004fb   Thumb Code     2  heapauxi.o(.text)
    __rt_heap_expand$2region                 0x000004fd   Thumb Code     2  heapauxi.o(.text)
    __read_errno                             0x000004ff   Thumb Code    10  _rserrno.o(.text)
    __set_errno                              0x00000509   Thumb Code    12  _rserrno.o(.text)
    _printf_pre_padding                      0x00000515   Thumb Code    44  _printf_pad.o(.text)
    _printf_post_padding                     0x00000541   Thumb Code    34  _printf_pad.o(.text)
    _printf_truncate_signed                  0x00000563   Thumb Code    18  _printf_truncate.o(.text)
    _printf_truncate_unsigned                0x00000575   Thumb Code    18  _printf_truncate.o(.text)
    _printf_str                              0x00000587   Thumb Code    82  _printf_str.o(.text)
    _printf_int_dec                          0x000005d9   Thumb Code   104  _printf_dec.o(.text)
    _printf_charcount                        0x00000651   Thumb Code    40  _printf_charcount.o(.text)
    _printf_char_common                      0x00000683   Thumb Code    32  _printf_char_common.o(.text)
    _sputc                                   0x000006a9   Thumb Code    10  _sputc.o(.text)
    _printf_wctomb                           0x000006b5   Thumb Code   182  _printf_wctomb.o(.text)
    _printf_longlong_dec                     0x00000771   Thumb Code   108  _printf_longlong_dec.o(.text)
    _printf_longlong_oct                     0x000007ed   Thumb Code    68  _printf_oct_int_ll.o(.text)
    _printf_int_oct                          0x00000831   Thumb Code    24  _printf_oct_int_ll.o(.text)
    _printf_ll_oct                           0x00000849   Thumb Code    12  _printf_oct_int_ll.o(.text)
    _printf_longlong_hex                     0x0000085d   Thumb Code    86  _printf_hex_int_ll_ptr.o(.text)
    _printf_int_hex                          0x000008b3   Thumb Code    28  _printf_hex_int_ll_ptr.o(.text)
    _printf_ll_hex                           0x000008cf   Thumb Code    12  _printf_hex_int_ll_ptr.o(.text)
    _printf_hex_ptr                          0x000008db   Thumb Code    18  _printf_hex_int_ll_ptr.o(.text)
    __printf                                 0x000008f1   Thumb Code   388  __printf_flags_ss_wp.o(.text)
    __strtod_int                             0x00000abd   Thumb Code    94  strtod.o(.text)
    __aeabi_errno_addr                       0x00000b29   Thumb Code     8  rt_errno_addr_intlibspace.o(.text)
    __errno$intlibspace                      0x00000b29   Thumb Code     0  rt_errno_addr_intlibspace.o(.text)
    __rt_errno_addr$intlibspace              0x00000b29   Thumb Code     0  rt_errno_addr_intlibspace.o(.text)
    _ll_udiv10                               0x00000b31   Thumb Code   138  lludiv10.o(.text)
    isspace                                  0x00000bbb   Thumb Code    18  isspace.o(.text)
    _printf_int_common                       0x00000bcd   Thumb Code   178  _printf_intcommon.o(.text)
    _printf_fp_dec_real                      0x00000e2f   Thumb Code   620  _printf_fp_dec.o(.text)
    _printf_fp_hex_real                      0x0000109d   Thumb Code   756  _printf_fp_hex.o(.text)
    _printf_cs_common                        0x00001399   Thumb Code    20  _printf_char.o(.text)
    _printf_char                             0x000013ad   Thumb Code    16  _printf_char.o(.text)
    _printf_string                           0x000013bd   Thumb Code     8  _printf_char.o(.text)
    _printf_lcs_common                       0x000013c5   Thumb Code    20  _printf_wchar.o(.text)
    _printf_wchar                            0x000013d9   Thumb Code    16  _printf_wchar.o(.text)
    _printf_wstring                          0x000013e9   Thumb Code     8  _printf_wchar.o(.text)
    _sgetc                                   0x000013f1   Thumb Code    30  _sgetc.o(.text)
    _sbackspace                              0x0000140f   Thumb Code    34  _sgetc.o(.text)
    _c16rtomb                                0x00001431   Thumb Code    72  _c16rtomb.o(.text)
    _wcrtomb                                 0x00001431   Thumb Code     0  _c16rtomb.o(.text)
    __user_libspace                          0x00001479   Thumb Code     8  libspace.o(.text)
    __user_perproc_libspace                  0x00001479   Thumb Code     0  libspace.o(.text)
    __user_perthread_libspace                0x00001479   Thumb Code     0  libspace.o(.text)
    __user_setup_stackheap                   0x00001481   Thumb Code    74  sys_stackheap_outer.o(.text)
    __rt_ctype_table                         0x000014cd   Thumb Code    16  rt_ctype_table.o(.text)
    __rt_locale                              0x000014dd   Thumb Code     8  rt_locale_intlibspace.o(.text)
    _printf_fp_infnan                        0x000014e5   Thumb Code   112  _printf_fp_infnan.o(.text)
    _scanf_really_real                       0x000017b1   Thumb Code   684  scanf_fp.o(.text)
    _btod_etento                             0x00001a5d   Thumb Code   224  bigflt0.o(.text)
    exit                                     0x00001b41   Thumb Code    18  exit.o(.text)
    strcmp                                   0x00001b59   Thumb Code   124  strcmpv7em.o(.text)
    __aeabi_llsl                             0x00001bd5   Thumb Code     0  llshl.o(.text)
    _ll_shift_l                              0x00001bd5   Thumb Code    38  llshl.o(.text)
    _scanf_really_hex_real                   0x00001bfd   Thumb Code   786  scanf_hexfp.o(.text)
    _scanf_really_infnan                     0x00001f1d   Thumb Code   292  scanf_infnan.o(.text)
    _sys_exit                                0x00002051   Thumb Code     8  sys_exit.o(.text)
    _chval                                   0x0000205d   Thumb Code    28  _chval.o(.text)
    __I$use$semihosting                      0x00002079   Thumb Code     0  use_no_semi.o(.text)
    __use_no_semihosting_swi                 0x00002079   Thumb Code     2  use_no_semi.o(.text)
    __semihosting_library_function           0x0000207b   Thumb Code     0  indicate_semi.o(.text)
    ADC0_Init                                0x0000207d   Thumb Code   158  control.o(.text.ADC0_Init)
    B_LED_Off                                0x0000211d   Thumb Code    18  led.o(.text.B_LED_Off)
    B_LED_On                                 0x00002131   Thumb Code    18  led.o(.text.B_LED_On)
    ButtonPort_Init                          0x00002145   Thumb Code    50  button.o(.text.ButtonPort_Init)
    Cool_off                                 0x00002179   Thumb Code    18  init heat_cool.o(.text.Cool_off)
    Cool_on                                  0x0000218d   Thumb Code    18  init heat_cool.o(.text.Cool_on)
    G_LED_Off                                0x000021a1   Thumb Code    18  led.o(.text.G_LED_Off)
    G_LED_On                                 0x000021b5   Thumb Code    18  led.o(.text.G_LED_On)
    Heat_off                                 0x000021c9   Thumb Code    18  init heat_cool.o(.text.Heat_off)
    Heat_on                                  0x000021dd   Thumb Code    18  init heat_cool.o(.text.Heat_on)
    I2C3_read_Multiple                       0x000021f1   Thumb Code   378  input_asm.o(.text.I2C3_read_Multiple)
    LED_Init                                 0x0000236d   Thumb Code   104  led.o(.text.LED_Init)
    Nokia5110_Clear                          0x000023d5   Thumb Code    50  nokia5110.o(.text.Nokia5110_Clear)
    Nokia5110_Init                           0x00002409   Thumb Code   352  nokia5110.o(.text.Nokia5110_Init)
    Nokia5110_OutChar                        0x00002569   Thumb Code    86  nokia5110.o(.text.Nokia5110_OutChar)
    Nokia5110_OutString                      0x000025c1   Thumb Code    36  nokia5110.o(.text.Nokia5110_OutString)
    Nokia5110_SetCursor                      0x000025e5   Thumb Code    76  nokia5110.o(.text.Nokia5110_SetCursor)
    R_LED_Off                                0x00002631   Thumb Code    18  led.o(.text.R_LED_Off)
    R_LED_On                                 0x00002645   Thumb Code    18  led.o(.text.R_LED_On)
    ReadButtonState                          0x00002659   Thumb Code    56  button.o(.text.ReadButtonState)
    SystemInit                               0x00002691   Thumb Code    18  system_tm4c123.o(.text.SystemInit)
    button_press                             0x000026a5   Thumb Code   202  button.o(.text.button_press)
    init_heat_cool                           0x00002771   Thumb Code   150  init heat_cool.o(.text.init_heat_cool)
    main                                     0x00002899   Thumb Code   588  main.o(.text.main)
    read                                     0x00002ae9   Thumb Code   800  input_asm.o(.text.read)
    read_tempcalibs                          0x00002e09   Thumb Code   184  input_asm.o(.text.read_tempcalibs)
    set_val                                  0x00002ec1   Thumb Code   240  control.o(.text.set_val)
    _btod_d2e                                0x00002fb1   Thumb Code    62  btod.o(CL$$btod_d2e)
    _d2e_denorm_low                          0x00002fef   Thumb Code    70  btod.o(CL$$btod_d2e_denorm_low)
    _d2e_norm_op1                            0x00003035   Thumb Code    96  btod.o(CL$$btod_d2e_norm_op1)
    __btod_div_common                        0x00003095   Thumb Code   696  btod.o(CL$$btod_div_common)
    _e2d                                     0x000033cd   Thumb Code   122  btod.o(CL$$btod_e2d)
    _e2e                                     0x00003451   Thumb Code   220  btod.o(CL$$btod_e2e)
    _btod_ediv                               0x0000352d   Thumb Code    42  btod.o(CL$$btod_ediv)
    _btod_edivd                              0x00003557   Thumb Code    42  btod.o(CL$$btod_edivd)
    _btod_emul                               0x00003581   Thumb Code    42  btod.o(CL$$btod_emul)
    _btod_emuld                              0x000035ab   Thumb Code    42  btod.o(CL$$btod_emuld)
    __btod_mult_common                       0x000035d5   Thumb Code   580  btod.o(CL$$btod_mult_common)
    __ARM_fpclassify                         0x00003819   Thumb Code    48  fpclassify.o(i.__ARM_fpclassify)
    __hardfp___mathlib_tofloat               0x00003849   Thumb Code   232  narrow.o(i.__hardfp___mathlib_tofloat)
    __hardfp_atof                            0x00003941   Thumb Code    46  atof.o(i.__hardfp_atof)
    __hardfp_ldexp                           0x00003979   Thumb Code   200  ldexp.o(i.__hardfp_ldexp)
    __mathlib_dbl_overflow                   0x00003a49   Thumb Code    24  dunder.o(i.__mathlib_dbl_overflow)
    __mathlib_dbl_underflow                  0x00003a69   Thumb Code    24  dunder.o(i.__mathlib_dbl_underflow)
    __mathlib_narrow                         0x00003a89   Thumb Code    18  narrow.o(i.__mathlib_narrow)
    __support_ldexp                          0x00003a9b   Thumb Code    20  ldexp.o(i.__support_ldexp)
    _is_digit                                0x00003aaf   Thumb Code    14  __printf_wp.o(i._is_digit)
    frexp                                    0x00003ac1   Thumb Code   118  frexp.o(i.frexp)
    I2C3_Init                                0x00003b4d   Thumb Code     0  asm_input.o(i2c3_Init)
    I2C_wait_till_done                       0x00003ba3   Thumb Code     0  asm_input.o(i2c3_Init)
    I2C3_Write_Multiple                      0x00003bb7   Thumb Code     0  asm_input.o(i2c3_Init)
    _get_lc_numeric                          0x00003c61   Thumb Code    44  lc_numeric_c.o(locale$$code)
    _get_lc_ctype                            0x00003c8d   Thumb Code    44  lc_ctype_c.o(locale$$code)
    __aeabi_d2f                              0x00003cb9   Thumb Code     0  d2f.o(x$fpl$d2f)
    _d2f                                     0x00003cb9   Thumb Code    98  d2f.o(x$fpl$d2f)
    __aeabi_dadd                             0x00003d1d   Thumb Code     0  daddsub_clz.o(x$fpl$dadd)
    _dadd                                    0x00003d1d   Thumb Code   332  daddsub_clz.o(x$fpl$dadd)
    __fpl_dcheck_NaN1                        0x00003e6d   Thumb Code    10  dcheck1.o(x$fpl$dcheck1)
    __fpl_dcmp_Inf                           0x00003e7d   Thumb Code    24  dcmpi.o(x$fpl$dcmpinf)
    __aeabi_ddiv                             0x00003e95   Thumb Code     0  ddiv.o(x$fpl$ddiv)
    _ddiv                                    0x00003e95   Thumb Code   556  ddiv.o(x$fpl$ddiv)
    __aeabi_cdcmpeq                          0x00004149   Thumb Code     0  deqf.o(x$fpl$deqf)
    _dcmpeq                                  0x00004149   Thumb Code   120  deqf.o(x$fpl$deqf)
    __aeabi_i2d                              0x000041c1   Thumb Code     0  dflt_clz.o(x$fpl$dflt)
    _dflt                                    0x000041c1   Thumb Code    46  dflt_clz.o(x$fpl$dflt)
    __aeabi_ui2d                             0x000041ef   Thumb Code     0  dflt_clz.o(x$fpl$dfltu)
    _dfltu                                   0x000041ef   Thumb Code    38  dflt_clz.o(x$fpl$dfltu)
    __aeabi_cdcmple                          0x00004215   Thumb Code     0  dleqf.o(x$fpl$dleqf)
    _dcmple                                  0x00004215   Thumb Code   120  dleqf.o(x$fpl$dleqf)
    __fpl_dcmple_InfNaN                      0x00004277   Thumb Code     0  dleqf.o(x$fpl$dleqf)
    __aeabi_dmul                             0x0000428d   Thumb Code     0  dmul.o(x$fpl$dmul)
    _dmul                                    0x0000428d   Thumb Code   332  dmul.o(x$fpl$dmul)
    __fpl_dnaninf                            0x000043e1   Thumb Code   156  dnaninf.o(x$fpl$dnaninf)
    __fpl_dretinf                            0x0000447d   Thumb Code    12  dretinf.o(x$fpl$dretinf)
    __aeabi_cdrcmple                         0x00004489   Thumb Code     0  drleqf.o(x$fpl$drleqf)
    _drcmple                                 0x00004489   Thumb Code   108  drleqf.o(x$fpl$drleqf)
    __aeabi_dsub                             0x000044f5   Thumb Code     0  daddsub_clz.o(x$fpl$dsub)
    _dsub                                    0x000044f5   Thumb Code   472  daddsub_clz.o(x$fpl$dsub)
    __aeabi_f2d                              0x000046d1   Thumb Code     0  f2d.o(x$fpl$f2d)
    _f2d                                     0x000046d1   Thumb Code    86  f2d.o(x$fpl$f2d)
    __fpl_fnaninf                            0x00004727   Thumb Code   140  fnaninf.o(x$fpl$fnaninf)
    _fp_init                                 0x000047b3   Thumb Code    26  fpinit.o(x$fpl$fpinit)
    __fplib_config_fpu_vfp                   0x000047cb   Thumb Code     0  fpinit.o(x$fpl$fpinit)
    __fplib_config_pureend_doubles           0x000047cb   Thumb Code     0  fpinit.o(x$fpl$fpinit)
    __fpl_fretinf                            0x000047cd   Thumb Code    10  fretinf.o(x$fpl$fretinf)
    __ieee_status                            0x000047d7   Thumb Code     6  istatus.o(x$fpl$ieeestatus)
    _printf_fp_dec                           0x000047dd   Thumb Code     4  printf1.o(x$fpl$printf1)
    _printf_fp_hex                           0x000047e1   Thumb Code     4  printf2.o(x$fpl$printf2)
    __fpl_return_NaN                         0x000047e5   Thumb Code   100  retnan.o(x$fpl$retnan)
    __ARM_scalbn                             0x00004849   Thumb Code    92  scalbn.o(x$fpl$scalbn)
    _scanf_real                              0x000048a5   Thumb Code     4  scanf1.o(x$fpl$scanf1)
    _scanf_hex_real                          0x000048a9   Thumb Code     4  scanf2.o(x$fpl$scanf2)
    _scanf_infnan                            0x000048ad   Thumb Code     4  scanf2.o(x$fpl$scanf2)
    __fpl_cmpreturn                          0x000048b1   Thumb Code    48  trapv.o(x$fpl$trapveneer)
    __I$use$fp                               0x000048e0   Number         0  usenofp.o(x$fpl$usenofp)
    Region$$Table$$Base                      0x00004be0   Number         0  anon$$obj.o(Region$$Table)
    Region$$Table$$Limit                     0x00004c00   Number         0  anon$$obj.o(Region$$Table)
    __aeabi_HUGE_VAL                         0x00004c00   Data           0  fpconst.o(c$$dinf)
    __aeabi_HUGE_VALL                        0x00004c00   Data           0  fpconst.o(c$$dinf)
    __aeabi_INFINITY                         0x00004c00   Data           0  fpconst.o(c$$dinf)
    __dInf                                   0x00004c00   Data           0  fpconst.o(c$$dinf)
    __huge_val                               0x00004c00   Data           0  fpconst.o(c$$dinf)
    __dbl_max                                0x00004c08   Data           0  fpconst.o(c$$dmax)
    __ctype                                  0x00004c39   Data           0  lc_ctype_c.o(locale$$data)
    slave_addr                               0x20000000   Data           4  input_asm.o(.data.slave_addr)
    temp_addr0                               0x20000004   Data           4  input_asm.o(.data.temp_addr0)
    temp_addr1                               0x20000008   Data           4  input_asm.o(.data.temp_addr1)
    temp_addr2                               0x2000000c   Data           4  input_asm.o(.data.temp_addr2)
    val1                                     0x20000010   Data           4  input_asm.o(.data.val1)
    __libspace_start                         0x20000018   Data          96  libspace.o(.bss)
    T                                        0x20000078   Data           8  input_asm.o(.bss.T)
    __temporary_stack_top$libspace           0x20000078   Data           0  libspace.o(.bss)
    adc_T                                    0x20000080   Data           4  input_asm.o(.bss.adc_T)
    avgTemp                                  0x20000088   Data           8  input_asm.o(.bss.avgTemp)
    dig_T1                                   0x20000090   Data           2  input_asm.o(.bss.dig_T1)
    dig_T2                                   0x20000092   Data           2  input_asm.o(.bss.dig_T2)
    dig_T3                                   0x20000094   Data           2  input_asm.o(.bss.dig_T3)
    temp                                     0x20000098   Data          12  input_asm.o(.bss.temp)
    temparray                                0x200000a8   Data        1024  input_asm.o(.bss.temparray)
    tempclb                                  0x200004a8   Data          24  input_asm.o(.bss.tempclb)
    totalTemp                                0x200004c0   Data           8  input_asm.o(.bss.totalTemp)
    val2                                     0x200004c8   Data           4  input_asm.o(.bss.val2)
    var1                                     0x200004d0   Data           8  input_asm.o(.bss.var1)
    var2                                     0x200004d8   Data           8  input_asm.o(.bss.var2)



==============================================================================

Memory Map of the image

  Image Entry point : 0x000003b9

  Load Region LR_1 (Base: 0x00000000, Size: 0x00004d50, Max: 0xffffffff, ABSOLUTE)

    Execution Region ER_RO (Exec base: 0x00000000, Load base: 0x00000000, Size: 0x00004d3c, Max: 0xffffffff, ABSOLUTE)

    Exec Addr    Load Addr    Size         Type   Attr      Idx    E Section Name        Object

    0x00000000   0x00000000   0x0000026c   Data   RO          139    RESET               startup_tm4c123.o
    0x0000026c   0x0000026c   0x00000008   Code   RO          164  * !!!main             c_w.l(__main.o)
    0x00000274   0x00000274   0x00000034   Code   RO          631    !!!scatter          c_w.l(__scatter.o)
    0x000002a8   0x000002a8   0x0000001a   Code   RO          633    !!handler_copy      c_w.l(__scatter_copy.o)
    0x000002c2   0x000002c2   0x00000002   PAD
    0x000002c4   0x000002c4   0x0000001c   Code   RO          635    !!handler_zi        c_w.l(__scatter_zi.o)
    0x000002e0   0x000002e0   0x00000000   Code   RO          278    .ARM.Collect$$_printf_percent$$00000000  c_w.l(_printf_percent.o)
    0x000002e0   0x000002e0   0x00000006   Code   RO          267    .ARM.Collect$$_printf_percent$$00000001  c_w.l(_printf_n.o)
    0x000002e6   0x000002e6   0x00000006   Code   RO          269    .ARM.Collect$$_printf_percent$$00000002  c_w.l(_printf_p.o)
    0x000002ec   0x000002ec   0x00000006   Code   RO          274    .ARM.Collect$$_printf_percent$$00000003  c_w.l(_printf_f.o)
    0x000002f2   0x000002f2   0x00000006   Code   RO          275    .ARM.Collect$$_printf_percent$$00000004  c_w.l(_printf_e.o)
    0x000002f8   0x000002f8   0x00000006   Code   RO          276    .ARM.Collect$$_printf_percent$$00000005  c_w.l(_printf_g.o)
    0x000002fe   0x000002fe   0x00000006   Code   RO          277    .ARM.Collect$$_printf_percent$$00000006  c_w.l(_printf_a.o)
    0x00000304   0x00000304   0x0000000a   Code   RO          282    .ARM.Collect$$_printf_percent$$00000007  c_w.l(_printf_ll.o)
    0x0000030e   0x0000030e   0x00000006   Code   RO          271    .ARM.Collect$$_printf_percent$$00000008  c_w.l(_printf_i.o)
    0x00000314   0x00000314   0x00000006   Code   RO          272    .ARM.Collect$$_printf_percent$$00000009  c_w.l(_printf_d.o)
    0x0000031a   0x0000031a   0x00000006   Code   RO          273    .ARM.Collect$$_printf_percent$$0000000A  c_w.l(_printf_u.o)
    0x00000320   0x00000320   0x00000006   Code   RO          270    .ARM.Collect$$_printf_percent$$0000000B  c_w.l(_printf_o.o)
    0x00000326   0x00000326   0x00000006   Code   RO          268    .ARM.Collect$$_printf_percent$$0000000C  c_w.l(_printf_x.o)
    0x0000032c   0x0000032c   0x00000006   Code   RO          279    .ARM.Collect$$_printf_percent$$0000000D  c_w.l(_printf_lli.o)
    0x00000332   0x00000332   0x00000006   Code   RO          280    .ARM.Collect$$_printf_percent$$0000000E  c_w.l(_printf_lld.o)
    0x00000338   0x00000338   0x00000006   Code   RO          281    .ARM.Collect$$_printf_percent$$0000000F  c_w.l(_printf_llu.o)
    0x0000033e   0x0000033e   0x00000006   Code   RO          286    .ARM.Collect$$_printf_percent$$00000010  c_w.l(_printf_llo.o)
    0x00000344   0x00000344   0x00000006   Code   RO          287    .ARM.Collect$$_printf_percent$$00000011  c_w.l(_printf_llx.o)
    0x0000034a   0x0000034a   0x0000000a   Code   RO          283    .ARM.Collect$$_printf_percent$$00000012  c_w.l(_printf_l.o)
    0x00000354   0x00000354   0x00000006   Code   RO          265    .ARM.Collect$$_printf_percent$$00000013  c_w.l(_printf_c.o)
    0x0000035a   0x0000035a   0x00000006   Code   RO          266    .ARM.Collect$$_printf_percent$$00000014  c_w.l(_printf_s.o)
    0x00000360   0x00000360   0x00000006   Code   RO          284    .ARM.Collect$$_printf_percent$$00000015  c_w.l(_printf_lc.o)
    0x00000366   0x00000366   0x00000006   Code   RO          285    .ARM.Collect$$_printf_percent$$00000016  c_w.l(_printf_ls.o)
    0x0000036c   0x0000036c   0x00000004   Code   RO          346    .ARM.Collect$$_printf_percent$$00000017  c_w.l(_printf_percent_end.o)
    0x00000370   0x00000370   0x00000002   Code   RO          410    .ARM.Collect$$libinit$$00000000  c_w.l(libinit.o)
    0x00000372   0x00000372   0x00000004   Code   RO          411    .ARM.Collect$$libinit$$00000001  c_w.l(libinit2.o)
    0x00000376   0x00000376   0x00000000   Code   RO          414    .ARM.Collect$$libinit$$00000004  c_w.l(libinit2.o)
    0x00000376   0x00000376   0x00000000   Code   RO          416    .ARM.Collect$$libinit$$00000006  c_w.l(libinit2.o)
    0x00000376   0x00000376   0x00000000   Code   RO          419    .ARM.Collect$$libinit$$0000000C  c_w.l(libinit2.o)
    0x00000376   0x00000376   0x00000000   Code   RO          421    .ARM.Collect$$libinit$$0000000E  c_w.l(libinit2.o)
    0x00000376   0x00000376   0x00000000   Code   RO          423    .ARM.Collect$$libinit$$00000010  c_w.l(libinit2.o)
    0x00000376   0x00000376   0x00000006   Code   RO          424    .ARM.Collect$$libinit$$00000011  c_w.l(libinit2.o)
    0x0000037c   0x0000037c   0x00000000   Code   RO          426    .ARM.Collect$$libinit$$00000013  c_w.l(libinit2.o)
    0x0000037c   0x0000037c   0x0000000c   Code   RO          427    .ARM.Collect$$libinit$$00000014  c_w.l(libinit2.o)
    0x00000388   0x00000388   0x00000000   Code   RO          428    .ARM.Collect$$libinit$$00000015  c_w.l(libinit2.o)
    0x00000388   0x00000388   0x00000000   Code   RO          430    .ARM.Collect$$libinit$$00000017  c_w.l(libinit2.o)
    0x00000388   0x00000388   0x0000000a   Code   RO          431    .ARM.Collect$$libinit$$00000018  c_w.l(libinit2.o)
    0x00000392   0x00000392   0x00000000   Code   RO          432    .ARM.Collect$$libinit$$00000019  c_w.l(libinit2.o)
    0x00000392   0x00000392   0x00000000   Code   RO          434    .ARM.Collect$$libinit$$0000001B  c_w.l(libinit2.o)
    0x00000392   0x00000392   0x00000000   Code   RO          436    .ARM.Collect$$libinit$$0000001D  c_w.l(libinit2.o)
    0x00000392   0x00000392   0x00000000   Code   RO          438    .ARM.Collect$$libinit$$0000001F  c_w.l(libinit2.o)
    0x00000392   0x00000392   0x00000000   Code   RO          440    .ARM.Collect$$libinit$$00000021  c_w.l(libinit2.o)
    0x00000392   0x00000392   0x00000000   Code   RO          442    .ARM.Collect$$libinit$$00000023  c_w.l(libinit2.o)
    0x00000392   0x00000392   0x00000000   Code   RO          444    .ARM.Collect$$libinit$$00000025  c_w.l(libinit2.o)
    0x00000392   0x00000392   0x00000000   Code   RO          446    .ARM.Collect$$libinit$$00000027  c_w.l(libinit2.o)
    0x00000392   0x00000392   0x00000000   Code   RO          450    .ARM.Collect$$libinit$$0000002E  c_w.l(libinit2.o)
    0x00000392   0x00000392   0x00000000   Code   RO          452    .ARM.Collect$$libinit$$00000030  c_w.l(libinit2.o)
    0x00000392   0x00000392   0x00000000   Code   RO          454    .ARM.Collect$$libinit$$00000032  c_w.l(libinit2.o)
    0x00000392   0x00000392   0x00000000   Code   RO          456    .ARM.Collect$$libinit$$00000034  c_w.l(libinit2.o)
    0x00000392   0x00000392   0x00000002   Code   RO          457    .ARM.Collect$$libinit$$00000035  c_w.l(libinit2.o)
    0x00000394   0x00000394   0x00000002   Code   RO          543    .ARM.Collect$$libshutdown$$00000000  c_w.l(libshutdown.o)
    0x00000396   0x00000396   0x00000000   Code   RO          566    .ARM.Collect$$libshutdown$$00000002  c_w.l(libshutdown2.o)
    0x00000396   0x00000396   0x00000000   Code   RO          568    .ARM.Collect$$libshutdown$$00000004  c_w.l(libshutdown2.o)
    0x00000396   0x00000396   0x00000000   Code   RO          571    .ARM.Collect$$libshutdown$$00000007  c_w.l(libshutdown2.o)
    0x00000396   0x00000396   0x00000000   Code   RO          574    .ARM.Collect$$libshutdown$$0000000A  c_w.l(libshutdown2.o)
    0x00000396   0x00000396   0x00000000   Code   RO          576    .ARM.Collect$$libshutdown$$0000000C  c_w.l(libshutdown2.o)
    0x00000396   0x00000396   0x00000000   Code   RO          579    .ARM.Collect$$libshutdown$$0000000F  c_w.l(libshutdown2.o)
    0x00000396   0x00000396   0x00000002   Code   RO          580    .ARM.Collect$$libshutdown$$00000010  c_w.l(libshutdown2.o)
    0x00000398   0x00000398   0x00000000   Code   RO          194    .ARM.Collect$$rtentry$$00000000  c_w.l(__rtentry.o)
    0x00000398   0x00000398   0x00000000   Code   RO          308    .ARM.Collect$$rtentry$$00000002  c_w.l(__rtentry2.o)
    0x00000398   0x00000398   0x00000006   Code   RO          320    .ARM.Collect$$rtentry$$00000004  c_w.l(__rtentry4.o)
    0x0000039e   0x0000039e   0x00000000   Code   RO          310    .ARM.Collect$$rtentry$$00000009  c_w.l(__rtentry2.o)
    0x0000039e   0x0000039e   0x00000004   Code   RO          311    .ARM.Collect$$rtentry$$0000000A  c_w.l(__rtentry2.o)
    0x000003a2   0x000003a2   0x00000000   Code   RO          313    .ARM.Collect$$rtentry$$0000000C  c_w.l(__rtentry2.o)
    0x000003a2   0x000003a2   0x00000008   Code   RO          314    .ARM.Collect$$rtentry$$0000000D  c_w.l(__rtentry2.o)
    0x000003aa   0x000003aa   0x00000002   Code   RO          462    .ARM.Collect$$rtexit$$00000000  c_w.l(rtexit.o)
    0x000003ac   0x000003ac   0x00000000   Code   RO          499    .ARM.Collect$$rtexit$$00000002  c_w.l(rtexit2.o)
    0x000003ac   0x000003ac   0x00000004   Code   RO          500    .ARM.Collect$$rtexit$$00000003  c_w.l(rtexit2.o)
    0x000003b0   0x000003b0   0x00000006   Code   RO          501    .ARM.Collect$$rtexit$$00000004  c_w.l(rtexit2.o)
    0x000003b6   0x000003b6   0x00000002   PAD
    0x000003b8   0x000003b8   0x00000114   Code   RO          140  * .text               startup_tm4c123.o
    0x000004cc   0x000004cc   0x0000002c   Code   RO          160    .text               c_w.l(sprintf.o)
    0x000004f8   0x000004f8   0x00000006   Code   RO          162    .text               c_w.l(heapauxi.o)
    0x000004fe   0x000004fe   0x00000016   Code   RO          195    .text               c_w.l(_rserrno.o)
    0x00000514   0x00000514   0x0000004e   Code   RO          199    .text               c_w.l(_printf_pad.o)
    0x00000562   0x00000562   0x00000024   Code   RO          201    .text               c_w.l(_printf_truncate.o)
    0x00000586   0x00000586   0x00000052   Code   RO          203    .text               c_w.l(_printf_str.o)
    0x000005d8   0x000005d8   0x00000078   Code   RO          205    .text               c_w.l(_printf_dec.o)
    0x00000650   0x00000650   0x00000028   Code   RO          207    .text               c_w.l(_printf_charcount.o)
    0x00000678   0x00000678   0x00000030   Code   RO          209    .text               c_w.l(_printf_char_common.o)
    0x000006a8   0x000006a8   0x0000000a   Code   RO          211    .text               c_w.l(_sputc.o)
    0x000006b2   0x000006b2   0x00000002   PAD
    0x000006b4   0x000006b4   0x000000bc   Code   RO          213    .text               c_w.l(_printf_wctomb.o)
    0x00000770   0x00000770   0x0000007c   Code   RO          216    .text               c_w.l(_printf_longlong_dec.o)
    0x000007ec   0x000007ec   0x00000070   Code   RO          222    .text               c_w.l(_printf_oct_int_ll.o)
    0x0000085c   0x0000085c   0x00000094   Code   RO          242    .text               c_w.l(_printf_hex_int_ll_ptr.o)
    0x000008f0   0x000008f0   0x00000188   Code   RO          262    .text               c_w.l(__printf_flags_ss_wp.o)
    0x00000a78   0x00000a78   0x000000b0   Code   RO          288    .text               c_w.l(strtod.o)
    0x00000b28   0x00000b28   0x00000008   Code   RO          325    .text               c_w.l(rt_errno_addr_intlibspace.o)
    0x00000b30   0x00000b30   0x0000008a   Code   RO          327    .text               c_w.l(lludiv10.o)
    0x00000bba   0x00000bba   0x00000012   Code   RO          329    .text               c_w.l(isspace.o)
    0x00000bcc   0x00000bcc   0x000000b2   Code   RO          331    .text               c_w.l(_printf_intcommon.o)
    0x00000c7e   0x00000c7e   0x0000041c   Code   RO          333    .text               c_w.l(_printf_fp_dec.o)
    0x0000109a   0x0000109a   0x00000002   PAD
    0x0000109c   0x0000109c   0x000002fc   Code   RO          337    .text               c_w.l(_printf_fp_hex.o)
    0x00001398   0x00001398   0x0000002c   Code   RO          342    .text               c_w.l(_printf_char.o)
    0x000013c4   0x000013c4   0x0000002c   Code   RO          344    .text               c_w.l(_printf_wchar.o)
    0x000013f0   0x000013f0   0x00000040   Code   RO          347    .text               c_w.l(_sgetc.o)
    0x00001430   0x00001430   0x00000048   Code   RO          349    .text               c_w.l(_c16rtomb.o)
    0x00001478   0x00001478   0x00000008   Code   RO          356    .text               c_w.l(libspace.o)
    0x00001480   0x00001480   0x0000004a   Code   RO          359    .text               c_w.l(sys_stackheap_outer.o)
    0x000014ca   0x000014ca   0x00000002   PAD
    0x000014cc   0x000014cc   0x00000010   Code   RO          361    .text               c_w.l(rt_ctype_table.o)
    0x000014dc   0x000014dc   0x00000008   Code   RO          366    .text               c_w.l(rt_locale_intlibspace.o)
    0x000014e4   0x000014e4   0x00000080   Code   RO          368    .text               c_w.l(_printf_fp_infnan.o)
    0x00001564   0x00001564   0x000004f8   Code   RO          370    .text               c_w.l(scanf_fp.o)
    0x00001a5c   0x00001a5c   0x000000e4   Code   RO          374    .text               c_w.l(bigflt0.o)
    0x00001b40   0x00001b40   0x00000012   Code   RO          401    .text               c_w.l(exit.o)
    0x00001b52   0x00001b52   0x00000006   PAD
    0x00001b58   0x00001b58   0x0000007c   Code   RO          403    .text               c_w.l(strcmpv7em.o)
    0x00001bd4   0x00001bd4   0x00000026   Code   RO          464    .text               c_w.l(llshl.o)
    0x00001bfa   0x00001bfa   0x00000002   PAD
    0x00001bfc   0x00001bfc   0x00000320   Code   RO          507    .text               c_w.l(scanf_hexfp.o)
    0x00001f1c   0x00001f1c   0x00000134   Code   RO          509    .text               c_w.l(scanf_infnan.o)
    0x00002050   0x00002050   0x0000000c   Code   RO          527    .text               c_w.l(sys_exit.o)
    0x0000205c   0x0000205c   0x0000001c   Code   RO          535    .text               c_w.l(_chval.o)
    0x00002078   0x00002078   0x00000002   Code   RO          556    .text               c_w.l(use_no_semi.o)
    0x0000207a   0x0000207a   0x00000000   Code   RO          558    .text               c_w.l(indicate_semi.o)
    0x0000207a   0x0000207a   0x00000002   PAD
    0x0000207c   0x0000207c   0x0000009e   Code   RO           22    .text.ADC0_Init     control.o
    0x0000211a   0x0000211a   0x00000002   PAD
    0x0000211c   0x0000211c   0x00000012   Code   RO           97    .text.B_LED_Off     led.o
    0x0000212e   0x0000212e   0x00000002   PAD
    0x00002130   0x00002130   0x00000012   Code   RO           91    .text.B_LED_On      led.o
    0x00002142   0x00002142   0x00000002   PAD
    0x00002144   0x00002144   0x00000032   Code   RO            9    .text.ButtonPort_Init  button.o
    0x00002176   0x00002176   0x00000002   PAD
    0x00002178   0x00002178   0x00000012   Code   RO           44    .text.Cool_off      init heat_cool.o
    0x0000218a   0x0000218a   0x00000002   PAD
    0x0000218c   0x0000218c   0x00000012   Code   RO           42    .text.Cool_on       init heat_cool.o
    0x0000219e   0x0000219e   0x00000002   PAD
    0x000021a0   0x000021a0   0x00000012   Code   RO           95    .text.G_LED_Off     led.o
    0x000021b2   0x000021b2   0x00000002   PAD
    0x000021b4   0x000021b4   0x00000012   Code   RO           89    .text.G_LED_On      led.o
    0x000021c6   0x000021c6   0x00000002   PAD
    0x000021c8   0x000021c8   0x00000012   Code   RO           40    .text.Heat_off      init heat_cool.o
    0x000021da   0x000021da   0x00000002   PAD
    0x000021dc   0x000021dc   0x00000012   Code   RO           38    .text.Heat_on       init heat_cool.o
    0x000021ee   0x000021ee   0x00000002   PAD
    0x000021f0   0x000021f0   0x0000017a   Code   RO           53    .text.I2C3_read_Multiple  input_asm.o
    0x0000236a   0x0000236a   0x00000002   PAD
    0x0000236c   0x0000236c   0x00000068   Code   RO           87    .text.LED_Init      led.o
    0x000023d4   0x000023d4   0x00000032   Code   RO          126    .text.Nokia5110_Clear  nokia5110.o
    0x00002406   0x00002406   0x00000002   PAD
    0x00002408   0x00002408   0x00000160   Code   RO          118    .text.Nokia5110_Init  nokia5110.o
    0x00002568   0x00002568   0x00000056   Code   RO          122    .text.Nokia5110_OutChar  nokia5110.o
    0x000025be   0x000025be   0x00000002   PAD
    0x000025c0   0x000025c0   0x00000024   Code   RO          124    .text.Nokia5110_OutString  nokia5110.o
    0x000025e4   0x000025e4   0x0000004c   Code   RO          128    .text.Nokia5110_SetCursor  nokia5110.o
    0x00002630   0x00002630   0x00000012   Code   RO           99    .text.R_LED_Off     led.o
    0x00002642   0x00002642   0x00000002   PAD
    0x00002644   0x00002644   0x00000012   Code   RO           93    .text.R_LED_On      led.o
    0x00002656   0x00002656   0x00000002   PAD
    0x00002658   0x00002658   0x00000038   Code   RO           11    .text.ReadButtonState  button.o
    0x00002690   0x00002690   0x00000012   Code   RO          149    .text.SystemInit    system_tm4c123.o
    0x000026a2   0x000026a2   0x00000002   PAD
    0x000026a4   0x000026a4   0x000000ca   Code   RO           13    .text.button_press  button.o
    0x0000276e   0x0000276e   0x00000002   PAD
    0x00002770   0x00002770   0x00000096   Code   RO           36    .text.init_heat_cool  init heat_cool.o
    0x00002806   0x00002806   0x00000002   PAD
    0x00002808   0x00002808   0x00000090   Code   RO          120    .text.lcdwrite      nokia5110.o
    0x00002898   0x00002898   0x0000024c   Code   RO          108    .text.main          main.o
    0x00002ae4   0x00002ae4   0x00000004   PAD
    0x00002ae8   0x00002ae8   0x00000320   Code   RO           59    .text.read          input_asm.o
    0x00002e08   0x00002e08   0x000000b8   Code   RO           57    .text.read_tempcalibs  input_asm.o
    0x00002ec0   0x00002ec0   0x000000f0   Code   RO           26    .text.set_val       control.o
    0x00002fb0   0x00002fb0   0x0000003e   Code   RO          377    CL$$btod_d2e        c_w.l(btod.o)
    0x00002fee   0x00002fee   0x00000046   Code   RO          379    CL$$btod_d2e_denorm_low  c_w.l(btod.o)
    0x00003034   0x00003034   0x00000060   Code   RO          378    CL$$btod_d2e_norm_op1  c_w.l(btod.o)
    0x00003094   0x00003094   0x00000338   Code   RO          387    CL$$btod_div_common  c_w.l(btod.o)
    0x000033cc   0x000033cc   0x00000084   Code   RO          385    CL$$btod_e2d        c_w.l(btod.o)
    0x00003450   0x00003450   0x000000dc   Code   RO          384    CL$$btod_e2e        c_w.l(btod.o)
    0x0000352c   0x0000352c   0x0000002a   Code   RO          381    CL$$btod_ediv       c_w.l(btod.o)
    0x00003556   0x00003556   0x0000002a   Code   RO          383    CL$$btod_edivd      c_w.l(btod.o)
    0x00003580   0x00003580   0x0000002a   Code   RO          380    CL$$btod_emul       c_w.l(btod.o)
    0x000035aa   0x000035aa   0x0000002a   Code   RO          382    CL$$btod_emuld      c_w.l(btod.o)
    0x000035d4   0x000035d4   0x00000244   Code   RO          386    CL$$btod_mult_common  c_w.l(btod.o)
    0x00003818   0x00003818   0x00000030   Code   RO          460    i.__ARM_fpclassify  m_wm.l(fpclassify.o)
    0x00003848   0x00003848   0x000000f8   Code   RO          490    i.__hardfp___mathlib_tofloat  m_wm.l(narrow.o)
    0x00003940   0x00003940   0x00000038   Code   RO          188    i.__hardfp_atof     m_wm.l(atof.o)
    0x00003978   0x00003978   0x000000d0   Code   RO          548    i.__hardfp_ldexp    m_wm.l(ldexp.o)
    0x00003a48   0x00003a48   0x00000020   Code   RO          587    i.__mathlib_dbl_overflow  m_wm.l(dunder.o)
    0x00003a68   0x00003a68   0x00000020   Code   RO          589    i.__mathlib_dbl_underflow  m_wm.l(dunder.o)
    0x00003a88   0x00003a88   0x00000012   Code   RO          491    i.__mathlib_narrow  m_wm.l(narrow.o)
    0x00003a9a   0x00003a9a   0x00000014   Code   RO          550    i.__support_ldexp   m_wm.l(ldexp.o)
    0x00003aae   0x00003aae   0x0000000e   Code   RO          255    i._is_digit         c_w.l(__printf_wp.o)
    0x00003abc   0x00003abc   0x00000004   PAD
    0x00003ac0   0x00003ac0   0x0000008c   Code   RO          521    i.frexp             m_wm.l(frexp.o)
    0x00003b4c   0x00003b4c   0x00000114   Code   RO            1    i2c3_Init           asm_input.o
    0x00003c60   0x00003c60   0x0000002c   Code   RO          352    locale$$code        c_w.l(lc_numeric_c.o)
    0x00003c8c   0x00003c8c   0x0000002c   Code   RO          472    locale$$code        c_w.l(lc_ctype_c.o)
    0x00003cb8   0x00003cb8   0x00000062   Code   RO          166    x$fpl$d2f           fz_wm.l(d2f.o)
    0x00003d1a   0x00003d1a   0x00000002   PAD
    0x00003d1c   0x00003d1c   0x00000150   Code   RO          168    x$fpl$dadd          fz_wm.l(daddsub_clz.o)
    0x00003e6c   0x00003e6c   0x00000010   Code   RO          601    x$fpl$dcheck1       fz_wm.l(dcheck1.o)
    0x00003e7c   0x00003e7c   0x00000018   Code   RO          544    x$fpl$dcmpinf       fz_wm.l(dcmpi.o)
    0x00003e94   0x00003e94   0x000002b4   Code   RO          175    x$fpl$ddiv          fz_wm.l(ddiv.o)
    0x00004148   0x00004148   0x00000078   Code   RO          515    x$fpl$deqf          fz_wm.l(deqf.o)
    0x000041c0   0x000041c0   0x0000002e   Code   RO          179    x$fpl$dflt          fz_wm.l(dflt_clz.o)
    0x000041ee   0x000041ee   0x00000026   Code   RO          178    x$fpl$dfltu         fz_wm.l(dflt_clz.o)
    0x00004214   0x00004214   0x00000078   Code   RO          546    x$fpl$dleqf         fz_wm.l(dleqf.o)
    0x0000428c   0x0000428c   0x00000154   Code   RO          184    x$fpl$dmul          fz_wm.l(dmul.o)
    0x000043e0   0x000043e0   0x0000009c   Code   RO          290    x$fpl$dnaninf       fz_wm.l(dnaninf.o)
    0x0000447c   0x0000447c   0x0000000c   Code   RO          292    x$fpl$dretinf       fz_wm.l(dretinf.o)
    0x00004488   0x00004488   0x0000006c   Code   RO          517    x$fpl$drleqf        fz_wm.l(drleqf.o)
    0x000044f4   0x000044f4   0x000001dc   Code   RO          170    x$fpl$dsub          fz_wm.l(daddsub_clz.o)
    0x000046d0   0x000046d0   0x00000056   Code   RO          186    x$fpl$f2d           fz_wm.l(f2d.o)
    0x00004726   0x00004726   0x0000008c   Code   RO          294    x$fpl$fnaninf       fz_wm.l(fnaninf.o)
    0x000047b2   0x000047b2   0x0000001a   Code   RO          482    x$fpl$fpinit        fz_wm.l(fpinit.o)
    0x000047cc   0x000047cc   0x0000000a   Code   RO          296    x$fpl$fretinf       fz_wm.l(fretinf.o)
    0x000047d6   0x000047d6   0x00000006   Code   RO          458    x$fpl$ieeestatus    fz_wm.l(istatus.o)
    0x000047dc   0x000047dc   0x00000004   Code   RO          298    x$fpl$printf1       fz_wm.l(printf1.o)
    0x000047e0   0x000047e0   0x00000004   Code   RO          300    x$fpl$printf2       fz_wm.l(printf2.o)
    0x000047e4   0x000047e4   0x00000064   Code   RO          609    x$fpl$retnan        fz_wm.l(retnan.o)
    0x00004848   0x00004848   0x0000005c   Code   RO          581    x$fpl$scalbn        fz_wm.l(scalbn.o)
    0x000048a4   0x000048a4   0x00000004   Code   RO          354    x$fpl$scanf1        fz_wm.l(scanf1.o)
    0x000048a8   0x000048a8   0x00000008   Code   RO          484    x$fpl$scanf2        fz_wm.l(scanf2.o)
    0x000048b0   0x000048b0   0x00000030   Code   RO          627    x$fpl$trapveneer    fz_wm.l(trapv.o)
    0x000048e0   0x000048e0   0x00000000   Code   RO          306    x$fpl$usenofp       fz_wm.l(usenofp.o)
    0x000048e0   0x000048e0   0x00000008   Data   RO          214    .constdata          c_w.l(_printf_wctomb.o)
    0x000048e8   0x000048e8   0x00000028   Data   RO          243    .constdata          c_w.l(_printf_hex_int_ll_ptr.o)
    0x00004910   0x00004910   0x00000011   Data   RO          263    .constdata          c_w.l(__printf_flags_ss_wp.o)
    0x00004921   0x00004921   0x00000026   Data   RO          338    .constdata          c_w.l(_printf_fp_hex.o)
    0x00004947   0x00004947   0x00000001   PAD
    0x00004948   0x00004948   0x00000094   Data   RO          375    .constdata          c_w.l(bigflt0.o)
    0x000049dc   0x000049dc   0x000001e0   Data   RO          130    .rodata.ASCII       nokia5110.o
    0x00004bbc   0x00004bbc   0x00000006   Data   RO           28    .rodata.str1.1      control.o
    0x00004bc2   0x00004bc2   0x0000001e   Data   RO          110    .rodata.str1.1      main.o
    0x00004be0   0x00004be0   0x00000020   Data   RO          630    Region$$Table       anon$$obj.o
    0x00004c00   0x00004c00   0x00000008   Data   RO          478    c$$dinf             fz_wm.l(fpconst.o)
    0x00004c08   0x00004c08   0x00000008   Data   RO          481    c$$dmax             fz_wm.l(fpconst.o)
    0x00004c10   0x00004c10   0x0000001c   Data   RO          351    locale$$data        c_w.l(lc_numeric_c.o)
    0x00004c2c   0x00004c2c   0x00000110   Data   RO          471    locale$$data        c_w.l(lc_ctype_c.o)


    Execution Region ER_RW (Exec base: 0x20000000, Load base: 0x00004d3c, Size: 0x00000014, Max: 0xffffffff, ABSOLUTE)

    Exec Addr    Load Addr    Size         Type   Attr      Idx    E Section Name        Object

    0x20000000   0x00004d3c   0x00000004   Data   RW           61    .data.slave_addr    input_asm.o
    0x20000004   0x00004d40   0x00000004   Data   RW           64    .data.temp_addr0    input_asm.o
    0x20000008   0x00004d44   0x00000004   Data   RW           63    .data.temp_addr1    input_asm.o
    0x2000000c   0x00004d48   0x00000004   Data   RW           62    .data.temp_addr2    input_asm.o
    0x20000010   0x00004d4c   0x00000004   Data   RW           65    .data.val1          input_asm.o


    Execution Region ER_ZI (Exec base: 0x20000018, Load base: 0x00004d50, Size: 0x00000cc8, Max: 0xffffffff, ABSOLUTE)

    Exec Addr    Load Addr    Size         Type   Attr      Idx    E Section Name        Object

    0x20000018        -       0x00000060   Zero   RW          357    .bss                c_w.l(libspace.o)
    0x20000078        -       0x00000008   Zero   RW           76    .bss.T              input_asm.o
    0x20000080        -       0x00000004   Zero   RW           73    .bss.adc_T          input_asm.o
    0x20000084   0x00004d50   0x00000004   PAD
    0x20000088        -       0x00000008   Zero   RW           78    .bss.avgTemp        input_asm.o
    0x20000090        -       0x00000002   Zero   RW           68    .bss.dig_T1         input_asm.o
    0x20000092        -       0x00000002   Zero   RW           69    .bss.dig_T2         input_asm.o
    0x20000094        -       0x00000002   Zero   RW           70    .bss.dig_T3         input_asm.o
    0x20000096   0x00004d50   0x00000002   PAD
    0x20000098        -       0x0000000c   Zero   RW           72    .bss.temp           input_asm.o
    0x200000a4   0x00004d50   0x00000004   PAD
    0x200000a8        -       0x00000400   Zero   RW           77    .bss.temparray      input_asm.o
    0x200004a8        -       0x00000018   Zero   RW           67    .bss.tempclb        input_asm.o
    0x200004c0        -       0x00000008   Zero   RW           71    .bss.totalTemp      input_asm.o
    0x200004c8        -       0x00000004   Zero   RW           66    .bss.val2           input_asm.o
    0x200004cc   0x00004d50   0x00000004   PAD
    0x200004d0        -       0x00000008   Zero   RW           74    .bss.var1           input_asm.o
    0x200004d8        -       0x00000008   Zero   RW           75    .bss.var2           input_asm.o
    0x200004e0        -       0x00000000   Zero   RW          138    HEAP                startup_tm4c123.o
    0x200004e0        -       0x00000800   Zero   RW          137    STACK               startup_tm4c123.o


==============================================================================

Image component sizes


      Code (inc. data)   RO Data    RW Data    ZI Data      Debug   Object Name

       276         38          0          0          0        332   asm_input.o
       308          0          0          0          0       6491   button.o
       398         16          6          0          0       1148   control.o
       222          0          0          0          0       5816   init heat_cool.o
      1362         48          0         20       1114       3311   input_asm.o
       212          0          0          0          0       5932   led.o
       588          0         30          0          0       1108   main.o
       744          0        480          0          0       1766   nokia5110.o
       276         24        620          0       2048       5440   startup_tm4c123.o
        18          0          0          0          0       6609   system_tm4c123.o

    ----------------------------------------------------------------------
      4444        126       1168         20       3176      37953   Object Totals
         0          0         32          0          0          0   (incl. Generated)
        40          0          0          0         14          0   (incl. Padding)

    ----------------------------------------------------------------------

      Code (inc. data)   RO Data    RW Data    ZI Data      Debug   Library Member Name

         8          0          0          0          0         68   __main.o
       392          4         17          0          0         92   __printf_flags_ss_wp.o
        14          0          0          0          0         68   __printf_wp.o
         0          0          0          0          0          0   __rtentry.o
        12          0          0          0          0          0   __rtentry2.o
         6          0          0          0          0          0   __rtentry4.o
        52          8          0          0          0          0   __scatter.o
        26          0          0          0          0          0   __scatter_copy.o
        28          0          0          0          0          0   __scatter_zi.o
        72          0          0          0          0         96   _c16rtomb.o
        28          0          0          0          0         68   _chval.o
         6          0          0          0          0          0   _printf_a.o
         6          0          0          0          0          0   _printf_c.o
        44          0          0          0          0        108   _printf_char.o
        48          6          0          0          0         96   _printf_char_common.o
        40          0          0          0          0         68   _printf_charcount.o
         6          0          0          0          0          0   _printf_d.o
       120         16          0          0          0         92   _printf_dec.o
         6          0          0          0          0          0   _printf_e.o
         6          0          0          0          0          0   _printf_f.o
      1052          0          0          0          0        148   _printf_fp_dec.o
       764          8         38          0          0        100   _printf_fp_hex.o
       128         16          0          0          0         84   _printf_fp_infnan.o
         6          0          0          0          0          0   _printf_g.o
       148          4         40          0          0        160   _printf_hex_int_ll_ptr.o
         6          0          0          0          0          0   _printf_i.o
       178          0          0          0          0         88   _printf_intcommon.o
        10          0          0          0          0          0   _printf_l.o
         6          0          0          0          0          0   _printf_lc.o
        10          0          0          0          0          0   _printf_ll.o
         6          0          0          0          0          0   _printf_lld.o
         6          0          0          0          0          0   _printf_lli.o
         6          0          0          0          0          0   _printf_llo.o
         6          0          0          0          0          0   _printf_llu.o
         6          0          0          0          0          0   _printf_llx.o
       124         16          0          0          0         92   _printf_longlong_dec.o
         6          0          0          0          0          0   _printf_ls.o
         6          0          0          0          0          0   _printf_n.o
         6          0          0          0          0          0   _printf_o.o
       112          8          0          0          0        124   _printf_oct_int_ll.o
         6          0          0          0          0          0   _printf_p.o
        78          0          0          0          0        108   _printf_pad.o
         0          0          0          0          0          0   _printf_percent.o
         4          0          0          0          0          0   _printf_percent_end.o
         6          0          0          0          0          0   _printf_s.o
        82          0          0          0          0         80   _printf_str.o
        36          0          0          0          0         84   _printf_truncate.o
         6          0          0          0          0          0   _printf_u.o
        44          0          0          0          0        108   _printf_wchar.o
       188          6          8          0          0         92   _printf_wctomb.o
         6          0          0          0          0          0   _printf_x.o
        22          0          0          0          0        100   _rserrno.o
        64          0          0          0          0         84   _sgetc.o
        10          0          0          0          0         68   _sputc.o
       228          4        148          0          0         96   bigflt0.o
      2152        136          0          0          0        956   btod.o
        18          0          0          0          0         80   exit.o
         6          0          0          0          0        152   heapauxi.o
         0          0          0          0          0          0   indicate_semi.o
        18          0          0          0          0         76   isspace.o
        44         10        272          0          0         76   lc_ctype_c.o
        44         10         28          0          0         76   lc_numeric_c.o
         2          0          0          0          0          0   libinit.o
        34          0          0          0          0          0   libinit2.o
         2          0          0          0          0          0   libshutdown.o
         2          0          0          0          0          0   libshutdown2.o
         8          4          0          0         96         68   libspace.o
        38          0          0          0          0         68   llshl.o
       138          0          0          0          0         80   lludiv10.o
        16          4          0          0          0         76   rt_ctype_table.o
         8          4          0          0          0         68   rt_errno_addr_intlibspace.o
         8          4          0          0          0         68   rt_locale_intlibspace.o
         2          0          0          0          0          0   rtexit.o
        10          0          0          0          0          0   rtexit2.o
      1272         16          0          0          0        168   scanf_fp.o
       800         14          0          0          0        100   scanf_hexfp.o
       308         16          0          0          0        100   scanf_infnan.o
        44          6          0          0          0         84   sprintf.o
       124          0          0          0          0         88   strcmpv7em.o
       176         14          0          0          0        124   strtod.o
        12          4          0          0          0         68   sys_exit.o
        74          0          0          0          0         80   sys_stackheap_outer.o
         2          0          0          0          0         68   use_no_semi.o
        98          4          0          0          0        140   d2f.o
       812         16          0          0          0        392   daddsub_clz.o
        16          4          0          0          0        116   dcheck1.o
        24          0          0          0          0        116   dcmpi.o
       692        140          0          0          0        264   ddiv.o
       120          4          0          0          0        140   deqf.o
        84          0          0          0          0        232   dflt_clz.o
       120          4          0          0          0        140   dleqf.o
       340         12          0          0          0        152   dmul.o
       156          4          0          0          0        140   dnaninf.o
        12          0          0          0          0        116   dretinf.o
       108          0          0          0          0        128   drleqf.o
        86          4          0          0          0        132   f2d.o
       140          4          0          0          0        132   fnaninf.o
         0          0         16          0          0          0   fpconst.o
        26          0          0          0          0        116   fpinit.o
        10          0          0          0          0        116   fretinf.o
         6          0          0          0          0        116   istatus.o
         4          0          0          0          0        116   printf1.o
         4          0          0          0          0        116   printf2.o
       100          0          0          0          0        116   retnan.o
        92          0          0          0          0        116   scalbn.o
         4          0          0          0          0        116   scanf1.o
         8          0          0          0          0        132   scanf2.o
        48          0          0          0          0        116   trapv.o
         0          0          0          0          0          0   usenofp.o
        56         10          0          0          0        132   atof.o
        64         16          0          0          0        248   dunder.o
        48          0          0          0          0        124   fpclassify.o
       140         22          0          0          0        132   frexp.o
       228          8          0          0          0        308   ldexp.o
       266         16          0          0          0        308   narrow.o

    ----------------------------------------------------------------------
     13592        606        568          0         96       9864   Library Totals
        26          0          1          0          0          0   (incl. Padding)

    ----------------------------------------------------------------------

      Code (inc. data)   RO Data    RW Data    ZI Data      Debug   Library Name

      9654        338        551          0         96       5096   c_w.l
      3110        196         16          0          0       3516   fz_wm.l
       802         72          0          0          0       1252   m_wm.l

    ----------------------------------------------------------------------
     13592        606        568          0         96       9864   Library Totals

    ----------------------------------------------------------------------

==============================================================================


      Code (inc. data)   RO Data    RW Data    ZI Data      Debug   

     18036        732       1736         20       3272      41673   Grand Totals
     18036        732       1736         20       3272      41673   ELF Image Totals
     18036        732       1736         20          0          0   ROM Totals

==============================================================================

    Total RO  Size (Code + RO Data)                19772 (  19.31kB)
    Total RW  Size (RW Data + ZI Data)              3292 (   3.21kB)
    Total ROM Size (Code + RO Data + RW Data)      19792 (  19.33kB)

==============================================================================

